Found 6 test(s).
python : Creating test database for alias 'default' ('test_medical_db')...
Au caractère Ligne:1 : 1
+ python manage.py test pharmacy -v 2 > test_output.txt 2>&1
+ ~~~~~~~~~~~~~~~~~~~~~~~~~~~~~~~~~~~~~~~~~~~~~~~~~~~~~~~~~~
    + CategoryInfo          : NotSpecified: (Creating test d...medical_db')...:Str 
   ing) [], RemoteException
    + FullyQualifiedErrorId : NativeCommandError
 

Operations to perform:
  Synchronize unmigrated apps: corsheaders, django_filters, messages, rest_framework, rest_framework_simplejwt, staticfiles
  Apply all migrations: admin, appointments, auth, caretaker, consultations, contenttypes, doctors, medications, patients, pharmacy, prescriptions, sessions, token_blacklist, users
Synchronizing apps without migrations:
  Creating tables...
    Running deferred SQL...
Running migrations:
  Applying contenttypes.0001_initial... OK
  Applying contenttypes.0002_remove_content_type_name... OK
  Applying auth.0001_initial... OK
  Applying auth.0002_alter_permission_name_max_length... OK
  Applying auth.0003_alter_user_email_max_length... OK
  Applying auth.0004_alter_user_username_opts... OK
  Applying auth.0005_alter_user_last_login_null... OK
  Applying auth.0006_require_contenttypes_0002... OK
  Applying auth.0007_alter_validators_add_error_messages... OK
  Applying auth.0008_alter_user_username_max_length... OK
  Applying auth.0009_alter_user_last_name_max_length... OK
  Applying auth.0010_alter_group_name_max_length... OK
  Applying auth.0011_update_proxy_permissions... OK
  Applying auth.0012_alter_user_first_name_max_length... OK
  Applying users.0001_initial... OK
  Applying admin.0001_initial... OK
  Applying admin.0002_logentry_remove_auto_add... OK
  Applying admin.0003_logentry_add_action_flag_choices... OK
  Applying doctors.0001_initial... OK
  Applying doctors.0002_initial... OK
  Applying doctors.0003_weeklyschedule_dayoff... OK
  Applying patients.0001_initial... OK
  Applying appointments.0001_initial... OK
  Applying appointments.0002_initial... OK
  Applying appointments.0003_initial... OK
  Applying appointments.0004_initial... OK
  Applying appointments.0005_appointment_date_appointment_end_time_and_more... OK
  Applying caretaker.0001_initial... OK
  Applying caretaker.0002_initial... OK
  Applying patients.0002_initial... OK
  Applying consultations.0001_initial... OK
  Applying consultations.0002_alter_consultation_vitals... OK
  Applying medications.0001_initial... OK
  Applying medications.0002_alter_medication_form_alter_medication_manufacturer_and_more... OK
  Applying prescriptions.0001_initial... OK
  Applying prescriptions.0002_delete_medication... OK
  Applying pharmacy.0001_initial... OK
  Applying pharmacy.0002_initial... OK
  Applying pharmacy.0003_pharmacyorder... OK
  Applying pharmacy.0004_alter_pharmacyorder_options_pharmacist_latitude_and_more... OK
  Applying prescriptions.0003_prescriptionitem_medication... OK
  Applying sessions.0001_initial... OK
  Applying token_blacklist.0001_initial... OK
  Applying token_blacklist.0002_outstandingtoken_jti_hex... OK
  Applying token_blacklist.0003_auto_20171017_2007... OK
  Applying token_blacklist.0004_auto_20171017_2013... OK
  Applying token_blacklist.0005_remove_outstandingtoken_jti... OK
  Applying token_blacklist.0006_auto_20171017_2113... OK
  Applying token_blacklist.0007_auto_20171017_2214... OK
  Applying token_blacklist.0008_migrate_to_bigautofield... OK
  Applying token_blacklist.0010_fix_migrate_to_bigautofield... OK
  Applying token_blacklist.0011_linearizes_history... OK
  Applying token_blacklist.0012_alter_outstandingtoken_user... OK
  Applying token_blacklist.0013_alter_blacklistedtoken_options_and_more... OK
System check identified no issues (0 silenced).
test_direct_purchase_order_creation_success 
(tests.PharmacySerializerTests.test_direct_purchase_order_creation_success)
Un achat direct ne demande pas d'ordonnance et doit passer la validation. ... ok
test_direct_purchase_with_prescription_fails 
(tests.PharmacySerializerTests.test_direct_purchase_with_prescription_fails)
Un achat direct ne doit pas inclure un ID d'ordonnance. ... ERROR
test_prescription_purchase_without_prescription_fails (tests.PharmacySerializerTest
s.test_prescription_purchase_without_prescription_fails)
Une commande d'ordonnance doit inclure l'ID de la prescription. ... ok
test_create_negative_stock_fails 
(tests.PharmacyStockAPITests.test_create_negative_stock_fails) ... ERROR
test_create_stock_auto_assigns_pharmacist 
(tests.PharmacyStockAPITests.test_create_stock_auto_assigns_pharmacist)
CrΘer un stock doit auto-assigner le profil pharmacien de l'utilisateur. ... ERROR
test_search_nearby_endpoint 
(tests.PharmacyStockAPITests.test_search_nearby_endpoint)
Teste la recherche gΘographique (simulΘe via latitude non nulle) ... ERROR

======================================================================
ERROR: test_direct_purchase_with_prescription_fails 
(tests.PharmacySerializerTests.test_direct_purchase_with_prescription_fails)
Un achat direct ne doit pas inclure un ID d'ordonnance.
----------------------------------------------------------------------
Traceback (most recent call last):
  File "C:\Users\PC\OneDrive\Bureau\backend_pfe - vf- presc- consult- 
appoin\pharmacy\tests.py", line 38, in test_direct_purchase_with_prescription_fails
    'prescription': uuid.uuid4(), # Fake ID
                    ^^^^
NameError: name 'uuid' is not defined. Did you forget to import 'uuid'?

======================================================================
ERROR: test_create_negative_stock_fails 
(tests.PharmacyStockAPITests.test_create_negative_stock_fails)
----------------------------------------------------------------------
Traceback (most recent call last):
  File "C:\Users\PC\OneDrive\Bureau\backend_pfe - vf- presc- consult- 
appoin\pharmacy\tests.py", line 102, in test_create_negative_stock_fails
    res = self.client.post('/api/pharmacy/stock/', data)
  File "C:\Users\PC\AppData\Local\Programs\Python\Python314\Lib\site-packages\rest_
framework\test.py", line 299, in post
    response = super().post(
        path, data=data, format=format, content_type=content_type, **extra)
  File "C:\Users\PC\AppData\Local\Programs\Python\Python314\Lib\site-packages\rest_
framework\test.py", line 213, in post
    return self.generic('POST', path, data, content_type, **extra)
           ~~~~~~~~~~~~^^^^^^^^^^^^^^^^^^^^^^^^^^^^^^^^^^^^^^^^^^^
  File "C:\Users\PC\AppData\Local\Programs\Python\Python314\Lib\site-packages\rest_
framework\test.py", line 237, in generic
    return super().generic(
           ~~~~~~~~~~~~~~~^
        method, path, data, content_type, secure, **extra)
        ^^^^^^^^^^^^^^^^^^^^^^^^^^^^^^^^^^^^^^^^^^^^^^^^^^
  File "C:\Users\PC\AppData\Local\Programs\Python\Python314\Lib\site-packages\djang
o\test\client.py", line 609, in generic
    return self.request(**r)
           ~~~~~~~~~~~~^^^^^
  File "C:\Users\PC\AppData\Local\Programs\Python\Python314\Lib\site-packages\rest_
framework\test.py", line 289, in request
    return super().request(**kwargs)
           ~~~~~~~~~~~~~~~^^^^^^^^^^
  File "C:\Users\PC\AppData\Local\Programs\Python\Python314\Lib\site-packages\rest_
framework\test.py", line 241, in request
    request = super().request(**kwargs)
  File "C:\Users\PC\AppData\Local\Programs\Python\Python314\Lib\site-packages\djang
o\test\client.py", line 886, in request
    response = self.handler(environ)
  File "C:\Users\PC\AppData\Local\Programs\Python\Python314\Lib\site-packages\djang
o\test\client.py", line 176, in __call__
    response = self.get_response(request)
  File "C:\Users\PC\AppData\Local\Programs\Python\Python314\Lib\site-packages\rest_
framework\test.py", line 261, in get_response
    return super().get_response(request)
           ~~~~~~~~~~~~~~~~~~~~^^^^^^^^^
  File "C:\Users\PC\AppData\Local\Programs\Python\Python314\Lib\site-packages\djang
o\core\handlers\base.py", line 143, in get_response
    log_response(
    ~~~~~~~~~~~~^
        "%s: %s",
        ^^^^^^^^^
    ...<3 lines>...
        request=request,
        ^^^^^^^^^^^^^^^^
    )
    ^
  File "C:\Users\PC\AppData\Local\Programs\Python\Python314\Lib\site-packages\djang
o\utils\log.py", line 246, in log_response
    getattr(logger, level)(
    ~~~~~~~~~~~~~~~~~~~~~~^
        message,
        ^^^^^^^^
    ...<5 lines>...
        exc_info=exception,
        ^^^^^^^^^^^^^^^^^^^
    )
    ^
  File 
"C:\Users\PC\AppData\Local\Programs\Python\Python314\Lib\logging\__init__.py", 
line 1549, in error
    self._log(ERROR, msg, args, **kwargs)
    ~~~~~~~~~^^^^^^^^^^^^^^^^^^^^^^^^^^^^
  File 
"C:\Users\PC\AppData\Local\Programs\Python\Python314\Lib\logging\__init__.py", 
line 1665, in _log
    self.handle(record)
    ~~~~~~~~~~~^^^^^^^^
  File 
"C:\Users\PC\AppData\Local\Programs\Python\Python314\Lib\logging\__init__.py", 
line 1681, in handle
    self.callHandlers(record)
    ~~~~~~~~~~~~~~~~~^^^^^^^^
  File 
"C:\Users\PC\AppData\Local\Programs\Python\Python314\Lib\logging\__init__.py", 
line 1737, in callHandlers
    hdlr.handle(record)
    ~~~~~~~~~~~^^^^^^^^
  File 
"C:\Users\PC\AppData\Local\Programs\Python\Python314\Lib\logging\__init__.py", 
line 1027, in handle
    self.emit(record)
    ~~~~~~~~~^^^^^^^^
  File "C:\Users\PC\AppData\Local\Programs\Python\Python314\Lib\site-packages\djang
o\utils\log.py", line 125, in emit
    reporter.get_traceback_text(),
    ~~~~~~~~~~~~~~~~~~~~~~~~~~~^^
  File "C:\Users\PC\AppData\Local\Programs\Python\Python314\Lib\site-packages\djang
o\views\debug.py", line 418, in get_traceback_text
    return t.render(c)
           ~~~~~~~~^^^
  File "C:\Users\PC\AppData\Local\Programs\Python\Python314\Lib\site-packages\djang
o\template\base.py", line 175, in render
    return self._render(context)
           ~~~~~~~~~~~~^^^^^^^^^
  File "C:\Users\PC\AppData\Local\Programs\Python\Python314\Lib\site-packages\djang
o\test\utils.py", line 111, in instrumented_test_render
    template_rendered.send(sender=self, template=self, context=context)
    ~~~~~~~~~~~~~~~~~~~~~~^^^^^^^^^^^^^^^^^^^^^^^^^^^^^^^^^^^^^^^^^^^^^
  File "C:\Users\PC\AppData\Local\Programs\Python\Python314\Lib\site-packages\djang
o\dispatch\dispatcher.py", line 177, in send
    (receiver, receiver(signal=self, sender=sender, **named))
               ~~~~~~~~^^^^^^^^^^^^^^^^^^^^^^^^^^^^^^^^^^^^^
  File "C:\Users\PC\AppData\Local\Programs\Python\Python314\Lib\site-packages\djang
o\test\client.py", line 267, in store_rendered_templates
    store["context"].append(copy(context))
                            ~~~~^^^^^^^^^
  File "C:\Users\PC\AppData\Local\Programs\Python\Python314\Lib\copy.py", line 82, 
in copy
    return copier(x)
  File "C:\Users\PC\AppData\Local\Programs\Python\Python314\Lib\site-packages\djang
o\template\context.py", line 158, in __copy__
    duplicate = super().__copy__()
  File "C:\Users\PC\AppData\Local\Programs\Python\Python314\Lib\site-packages\djang
o\template\context.py", line 39, in __copy__
    duplicate.dicts = self.dicts[:]
    ^^^^^^^^^^^^^^^
AttributeError: 'super' object has no attribute 'dicts' and no __dict__ for 
setting new attributes

======================================================================
ERROR: test_create_stock_auto_assigns_pharmacist 
(tests.PharmacyStockAPITests.test_create_stock_auto_assigns_pharmacist)
CrΘer un stock doit auto-assigner le profil pharmacien de l'utilisateur.
----------------------------------------------------------------------
Traceback (most recent call last):
  File "C:\Users\PC\OneDrive\Bureau\backend_pfe - vf- presc- consult- 
appoin\pharmacy\tests.py", line 89, in test_create_stock_auto_assigns_pharmacist
    res = self.client.post('/api/pharmacy/stock/', data)
  File "C:\Users\PC\AppData\Local\Programs\Python\Python314\Lib\site-packages\rest_
framework\test.py", line 299, in post
    response = super().post(
        path, data=data, format=format, content_type=content_type, **extra)
  File "C:\Users\PC\AppData\Local\Programs\Python\Python314\Lib\site-packages\rest_
framework\test.py", line 213, in post
    return self.generic('POST', path, data, content_type, **extra)
           ~~~~~~~~~~~~^^^^^^^^^^^^^^^^^^^^^^^^^^^^^^^^^^^^^^^^^^^
  File "C:\Users\PC\AppData\Local\Programs\Python\Python314\Lib\site-packages\rest_
framework\test.py", line 237, in generic
    return super().generic(
           ~~~~~~~~~~~~~~~^
        method, path, data, content_type, secure, **extra)
        ^^^^^^^^^^^^^^^^^^^^^^^^^^^^^^^^^^^^^^^^^^^^^^^^^^
  File "C:\Users\PC\AppData\Local\Programs\Python\Python314\Lib\site-packages\djang
o\test\client.py", line 609, in generic
    return self.request(**r)
           ~~~~~~~~~~~~^^^^^
  File "C:\Users\PC\AppData\Local\Programs\Python\Python314\Lib\site-packages\rest_
framework\test.py", line 289, in request
    return super().request(**kwargs)
           ~~~~~~~~~~~~~~~^^^^^^^^^^
  File "C:\Users\PC\AppData\Local\Programs\Python\Python314\Lib\site-packages\rest_
framework\test.py", line 241, in request
    request = super().request(**kwargs)
  File "C:\Users\PC\AppData\Local\Programs\Python\Python314\Lib\site-packages\djang
o\test\client.py", line 886, in request
    response = self.handler(environ)
  File "C:\Users\PC\AppData\Local\Programs\Python\Python314\Lib\site-packages\djang
o\test\client.py", line 176, in __call__
    response = self.get_response(request)
  File "C:\Users\PC\AppData\Local\Programs\Python\Python314\Lib\site-packages\rest_
framework\test.py", line 261, in get_response
    return super().get_response(request)
           ~~~~~~~~~~~~~~~~~~~~^^^^^^^^^
  File "C:\Users\PC\AppData\Local\Programs\Python\Python314\Lib\site-packages\djang
o\core\handlers\base.py", line 143, in get_response
    log_response(
    ~~~~~~~~~~~~^
        "%s: %s",
        ^^^^^^^^^
    ...<3 lines>...
        request=request,
        ^^^^^^^^^^^^^^^^
    )
    ^
  File "C:\Users\PC\AppData\Local\Programs\Python\Python314\Lib\site-packages\djang
o\utils\log.py", line 246, in log_response
    getattr(logger, level)(
    ~~~~~~~~~~~~~~~~~~~~~~^
        message,
        ^^^^^^^^
    ...<5 lines>...
        exc_info=exception,
        ^^^^^^^^^^^^^^^^^^^
    )
    ^
  File 
"C:\Users\PC\AppData\Local\Programs\Python\Python314\Lib\logging\__init__.py", 
line 1549, in error
    self._log(ERROR, msg, args, **kwargs)
    ~~~~~~~~~^^^^^^^^^^^^^^^^^^^^^^^^^^^^
  File 
"C:\Users\PC\AppData\Local\Programs\Python\Python314\Lib\logging\__init__.py", 
line 1665, in _log
    self.handle(record)
    ~~~~~~~~~~~^^^^^^^^
  File 
"C:\Users\PC\AppData\Local\Programs\Python\Python314\Lib\logging\__init__.py", 
line 1681, in handle
    self.callHandlers(record)
    ~~~~~~~~~~~~~~~~~^^^^^^^^
  File 
"C:\Users\PC\AppData\Local\Programs\Python\Python314\Lib\logging\__init__.py", 
line 1737, in callHandlers
    hdlr.handle(record)
    ~~~~~~~~~~~^^^^^^^^
  File 
"C:\Users\PC\AppData\Local\Programs\Python\Python314\Lib\logging\__init__.py", 
line 1027, in handle
    self.emit(record)
    ~~~~~~~~~^^^^^^^^
  File "C:\Users\PC\AppData\Local\Programs\Python\Python314\Lib\site-packages\djang
o\utils\log.py", line 125, in emit
    reporter.get_traceback_text(),
    ~~~~~~~~~~~~~~~~~~~~~~~~~~~^^
  File "C:\Users\PC\AppData\Local\Programs\Python\Python314\Lib\site-packages\djang
o\views\debug.py", line 418, in get_traceback_text
    return t.render(c)
           ~~~~~~~~^^^
  File "C:\Users\PC\AppData\Local\Programs\Python\Python314\Lib\site-packages\djang
o\template\base.py", line 175, in render
    return self._render(context)
           ~~~~~~~~~~~~^^^^^^^^^
  File "C:\Users\PC\AppData\Local\Programs\Python\Python314\Lib\site-packages\djang
o\test\utils.py", line 111, in instrumented_test_render
    template_rendered.send(sender=self, template=self, context=context)
    ~~~~~~~~~~~~~~~~~~~~~~^^^^^^^^^^^^^^^^^^^^^^^^^^^^^^^^^^^^^^^^^^^^^
  File "C:\Users\PC\AppData\Local\Programs\Python\Python314\Lib\site-packages\djang
o\dispatch\dispatcher.py", line 177, in send
    (receiver, receiver(signal=self, sender=sender, **named))
               ~~~~~~~~^^^^^^^^^^^^^^^^^^^^^^^^^^^^^^^^^^^^^
  File "C:\Users\PC\AppData\Local\Programs\Python\Python314\Lib\site-packages\djang
o\test\client.py", line 267, in store_rendered_templates
    store["context"].append(copy(context))
                            ~~~~^^^^^^^^^
  File "C:\Users\PC\AppData\Local\Programs\Python\Python314\Lib\copy.py", line 82, 
in copy
    return copier(x)
  File "C:\Users\PC\AppData\Local\Programs\Python\Python314\Lib\site-packages\djang
o\template\context.py", line 158, in __copy__
    duplicate = super().__copy__()
  File "C:\Users\PC\AppData\Local\Programs\Python\Python314\Lib\site-packages\djang
o\template\context.py", line 39, in __copy__
    duplicate.dicts = self.dicts[:]
    ^^^^^^^^^^^^^^^
AttributeError: 'super' object has no attribute 'dicts' and no __dict__ for 
setting new attributes

======================================================================
ERROR: test_search_nearby_endpoint 
(tests.PharmacyStockAPITests.test_search_nearby_endpoint)
Teste la recherche gΘographique (simulΘe via latitude non nulle)
----------------------------------------------------------------------
Traceback (most recent call last):
  File "C:\Users\PC\OneDrive\Bureau\backend_pfe - vf- presc- consult- 
appoin\pharmacy\tests.py", line 119, in test_search_nearby_endpoint
    res = self.client.get(f'/api/pharmacy/stock/search-nearby/?medication_id={self.
med.id}&lat=36.0&lon=3.0')
  File "C:\Users\PC\AppData\Local\Programs\Python\Python314\Lib\site-packages\rest_
framework\test.py", line 292, in get
    response = super().get(path, data=data, **extra)
  File "C:\Users\PC\AppData\Local\Programs\Python\Python314\Lib\site-packages\rest_
framework\test.py", line 209, in get
    return self.generic('GET', path, **r)
           ~~~~~~~~~~~~^^^^^^^^^^^^^^^^^^
  File "C:\Users\PC\AppData\Local\Programs\Python\Python314\Lib\site-packages\rest_
framework\test.py", line 237, in generic
    return super().generic(
           ~~~~~~~~~~~~~~~^
        method, path, data, content_type, secure, **extra)
        ^^^^^^^^^^^^^^^^^^^^^^^^^^^^^^^^^^^^^^^^^^^^^^^^^^
  File "C:\Users\PC\AppData\Local\Programs\Python\Python314\Lib\site-packages\djang
o\test\client.py", line 609, in generic
    return self.request(**r)
           ~~~~~~~~~~~~^^^^^
  File "C:\Users\PC\AppData\Local\Programs\Python\Python314\Lib\site-packages\rest_
framework\test.py", line 289, in request
    return super().request(**kwargs)
           ~~~~~~~~~~~~~~~^^^^^^^^^^
  File "C:\Users\PC\AppData\Local\Programs\Python\Python314\Lib\site-packages\rest_
framework\test.py", line 241, in request
    request = super().request(**kwargs)
  File "C:\Users\PC\AppData\Local\Programs\Python\Python314\Lib\site-packages\djang
o\test\client.py", line 886, in request
    response = self.handler(environ)
  File "C:\Users\PC\AppData\Local\Programs\Python\Python314\Lib\site-packages\djang
o\test\client.py", line 176, in __call__
    response = self.get_response(request)
  File "C:\Users\PC\AppData\Local\Programs\Python\Python314\Lib\site-packages\rest_
framework\test.py", line 261, in get_response
    return super().get_response(request)
           ~~~~~~~~~~~~~~~~~~~~^^^^^^^^^
  File "C:\Users\PC\AppData\Local\Programs\Python\Python314\Lib\site-packages\djang
o\core\handlers\base.py", line 143, in get_response
    log_response(
    ~~~~~~~~~~~~^
        "%s: %s",
        ^^^^^^^^^
    ...<3 lines>...
        request=request,
        ^^^^^^^^^^^^^^^^
    )
    ^
  File "C:\Users\PC\AppData\Local\Programs\Python\Python314\Lib\site-packages\djang
o\utils\log.py", line 246, in log_response
    getattr(logger, level)(
    ~~~~~~~~~~~~~~~~~~~~~~^
        message,
        ^^^^^^^^
    ...<5 lines>...
        exc_info=exception,
        ^^^^^^^^^^^^^^^^^^^
    )
    ^
  File 
"C:\Users\PC\AppData\Local\Programs\Python\Python314\Lib\logging\__init__.py", 
line 1549, in error
    self._log(ERROR, msg, args, **kwargs)
    ~~~~~~~~~^^^^^^^^^^^^^^^^^^^^^^^^^^^^
  File 
"C:\Users\PC\AppData\Local\Programs\Python\Python314\Lib\logging\__init__.py", 
line 1665, in _log
    self.handle(record)
    ~~~~~~~~~~~^^^^^^^^
  File 
"C:\Users\PC\AppData\Local\Programs\Python\Python314\Lib\logging\__init__.py", 
line 1681, in handle
    self.callHandlers(record)
    ~~~~~~~~~~~~~~~~~^^^^^^^^
  File 
"C:\Users\PC\AppData\Local\Programs\Python\Python314\Lib\logging\__init__.py", 
line 1737, in callHandlers
    hdlr.handle(record)
    ~~~~~~~~~~~^^^^^^^^
  File 
"C:\Users\PC\AppData\Local\Programs\Python\Python314\Lib\logging\__init__.py", 
line 1027, in handle
    self.emit(record)
    ~~~~~~~~~^^^^^^^^
  File "C:\Users\PC\AppData\Local\Programs\Python\Python314\Lib\site-packages\djang
o\utils\log.py", line 125, in emit
    reporter.get_traceback_text(),
    ~~~~~~~~~~~~~~~~~~~~~~~~~~~^^
  File "C:\Users\PC\AppData\Local\Programs\Python\Python314\Lib\site-packages\djang
o\views\debug.py", line 418, in get_traceback_text
    return t.render(c)
           ~~~~~~~~^^^
  File "C:\Users\PC\AppData\Local\Programs\Python\Python314\Lib\site-packages\djang
o\template\base.py", line 175, in render
    return self._render(context)
           ~~~~~~~~~~~~^^^^^^^^^
  File "C:\Users\PC\AppData\Local\Programs\Python\Python314\Lib\site-packages\djang
o\test\utils.py", line 111, in instrumented_test_render
    template_rendered.send(sender=self, template=self, context=context)
    ~~~~~~~~~~~~~~~~~~~~~~^^^^^^^^^^^^^^^^^^^^^^^^^^^^^^^^^^^^^^^^^^^^^
  File "C:\Users\PC\AppData\Local\Programs\Python\Python314\Lib\site-packages\djang
o\dispatch\dispatcher.py", line 177, in send
    (receiver, receiver(signal=self, sender=sender, **named))
               ~~~~~~~~^^^^^^^^^^^^^^^^^^^^^^^^^^^^^^^^^^^^^
  File "C:\Users\PC\AppData\Local\Programs\Python\Python314\Lib\site-packages\djang
o\test\client.py", line 267, in store_rendered_templates
    store["context"].append(copy(context))
                            ~~~~^^^^^^^^^
  File "C:\Users\PC\AppData\Local\Programs\Python\Python314\Lib\copy.py", line 82, 
in copy
    return copier(x)
  File "C:\Users\PC\AppData\Local\Programs\Python\Python314\Lib\site-packages\djang
o\template\context.py", line 158, in __copy__
    duplicate = super().__copy__()
  File "C:\Users\PC\AppData\Local\Programs\Python\Python314\Lib\site-packages\djang
o\template\context.py", line 39, in __copy__
    duplicate.dicts = self.dicts[:]
    ^^^^^^^^^^^^^^^
AttributeError: 'super' object has no attribute 'dicts' and no __dict__ for 
setting new attributes

----------------------------------------------------------------------
Ran 6 tests in 1.022s

FAILED (errors=4)
Destroying test database for alias 'default' ('test_medical_db')...

